============================= test session starts =============================
platform win32 -- Python 3.12.2, pytest-9.0.2, pluggy-1.6.0
rootdir: C:\Users\rudra\OneDrive\Documents\GitHub\genai-vehicle-diagnostics
plugins: anyio-4.6.2.post1, asyncio-1.3.0, cov-7.0.0
asyncio: mode=Mode.STRICT, debug=False, asyncio_default_fixture_loop_scope=None, asyncio_default_test_loop_scope=function
collected 100 items

tests\test_analytics.py .............                                    [ 13%]
tests\test_api.py .................                                      [ 30%]
tests\test_codegen.py .......                                            [ 37%]
tests\test_compliance.py ..................                              [ 55%]
tests\test_interpreter.py ......................                         [ 77%]
tests\test_ml.py ............                                            [ 89%]
tests\test_simulator.py .........F.                                      [100%]

================================== FAILURES ===================================
_________________ TestTelemetryHistory.test_history_populates _________________

self = <tests.test_simulator.TestTelemetryHistory object at 0x000001C608E00590>

    def test_history_populates(self):
        client.post("/vehicle/simulate/start?variant=EV")
        time.sleep(3)
        res = client.get("/vehicle/history")
        assert res.status_code == 200
        data = res.json()
        # History endpoint returns {"count": N, "history": [...]}
        assert "history" in data
        assert isinstance(data["history"], list)
>       assert len(data["history"]) >= 2
E       AssertionError: assert 1 >= 2
E        +  where 1 = len([{'battery_soc': 94.9, 'battery_temp': 29.4, 'brake': 0.0, 'ev_range': 520.7, ...}])

tests\test_simulator.py:116: AssertionError
============================== warnings summary ===============================
backend\main.py:140
  C:\Users\rudra\OneDrive\Documents\GitHub\genai-vehicle-diagnostics\backend\main.py:140: DeprecationWarning: 
          on_event is deprecated, use lifespan event handlers instead.
  
          Read more about it in the
          [FastAPI docs for Lifespan Events](https://fastapi.tiangolo.com/advanced/events/).
          
    @app.on_event("startup")

..\..\..\..\appdata\local\programs\python\python312\Lib\site-packages\fastapi\applications.py:4579
..\..\..\..\appdata\local\programs\python\python312\Lib\site-packages\fastapi\applications.py:4579
  C:\users\rudra\appdata\local\programs\python\python312\Lib\site-packages\fastapi\applications.py:4579: DeprecationWarning: 
          on_event is deprecated, use lifespan event handlers instead.
  
          Read more about it in the
          [FastAPI docs for Lifespan Events](https://fastapi.tiangolo.com/advanced/events/).
          
    return self.router.on_event(event_type)

backend\main.py:155
  C:\Users\rudra\OneDrive\Documents\GitHub\genai-vehicle-diagnostics\backend\main.py:155: DeprecationWarning: 
          on_event is deprecated, use lifespan event handlers instead.
  
          Read more about it in the
          [FastAPI docs for Lifespan Events](https://fastapi.tiangolo.com/advanced/events/).
          
    @app.on_event("shutdown")

tests/test_analytics.py: 13 warnings
  C:\Users\rudra\.gemini\antigravity\scratch\genai-vehicle-diagnostics\tests\test_analytics.py:50: DeprecationWarning: datetime.datetime.utcnow() is deprecated and scheduled for removal in a future version. Use timezone-aware objects to represent datetimes in UTC: datetime.datetime.now(datetime.UTC).

tests/test_analytics.py::TestHealthAnalyzer::test_no_battery_alert_when_stable
  C:\Users\rudra\.gemini\antigravity\scratch\genai-vehicle-diagnostics\tests\test_analytics.py:102: DeprecationWarning: datetime.datetime.utcnow() is deprecated and scheduled for removal in a future version. Use timezone-aware objects to represent datetimes in UTC: datetime.datetime.now(datetime.UTC).

tests/test_analytics.py::TestHealthAnalyzer::test_no_battery_alert_when_stable
  C:\Users\rudra\.gemini\antigravity\scratch\genai-vehicle-diagnostics\tests\test_analytics.py:103: DeprecationWarning: datetime.datetime.utcnow() is deprecated and scheduled for removal in a future version. Use timezone-aware objects to represent datetimes in UTC: datetime.datetime.now(datetime.UTC).

tests/test_analytics.py::TestHealthAnalyzer::test_battery_rapid_drop_alert
  C:\Users\rudra\.gemini\antigravity\scratch\genai-vehicle-diagnostics\tests\test_analytics.py:112: DeprecationWarning: datetime.datetime.utcnow() is deprecated and scheduled for removal in a future version. Use timezone-aware objects to represent datetimes in UTC: datetime.datetime.now(datetime.UTC).

tests/test_analytics.py::TestHealthAnalyzer::test_battery_rapid_drop_alert
  C:\Users\rudra\.gemini\antigravity\scratch\genai-vehicle-diagnostics\tests\test_analytics.py:113: DeprecationWarning: datetime.datetime.utcnow() is deprecated and scheduled for removal in a future version. Use timezone-aware objects to represent datetimes in UTC: datetime.datetime.now(datetime.UTC).

tests/test_analytics.py::TestHealthAnalyzer::test_no_speed_alert_at_normal_speed
  C:\Users\rudra\.gemini\antigravity\scratch\genai-vehicle-diagnostics\tests\test_analytics.py:131: DeprecationWarning: datetime.datetime.utcnow() is deprecated and scheduled for removal in a future version. Use timezone-aware objects to represent datetimes in UTC: datetime.datetime.now(datetime.UTC).

tests/test_analytics.py::TestHealthAnalyzer::test_high_speed_sustained_alert
  C:\Users\rudra\.gemini\antigravity\scratch\genai-vehicle-diagnostics\tests\test_analytics.py:141: DeprecationWarning: datetime.datetime.utcnow() is deprecated and scheduled for removal in a future version. Use timezone-aware objects to represent datetimes in UTC: datetime.datetime.now(datetime.UTC).

tests/test_analytics.py::TestHealthAnalyzer::test_no_speed_alert_with_intermittent_high
  C:\Users\rudra\.gemini\antigravity\scratch\genai-vehicle-diagnostics\tests\test_analytics.py:152: DeprecationWarning: datetime.datetime.utcnow() is deprecated and scheduled for removal in a future version. Use timezone-aware objects to represent datetimes in UTC: datetime.datetime.now(datetime.UTC).

tests/test_analytics.py::TestHealthAnalyzer::test_no_speed_alert_with_insufficient_history
  C:\Users\rudra\.gemini\antigravity\scratch\genai-vehicle-diagnostics\tests\test_analytics.py:172: DeprecationWarning: datetime.datetime.utcnow() is deprecated and scheduled for removal in a future version. Use timezone-aware objects to represent datetimes in UTC: datetime.datetime.now(datetime.UTC).

tests/test_analytics.py::TestHealthAnalyzer::test_multiple_alerts_simultaneously
  C:\Users\rudra\.gemini\antigravity\scratch\genai-vehicle-diagnostics\tests\test_analytics.py:185: DeprecationWarning: datetime.datetime.utcnow() is deprecated and scheduled for removal in a future version. Use timezone-aware objects to represent datetimes in UTC: datetime.datetime.now(datetime.UTC).

tests/test_api.py: 3 warnings
tests/test_simulator.py: 9 warnings
  C:\Users\rudra\OneDrive\Documents\GitHub\genai-vehicle-diagnostics\backend\services\data_store.py:86: DeprecationWarning: datetime.datetime.utcnow() is deprecated and scheduled for removal in a future version. Use timezone-aware objects to represent datetimes in UTC: datetime.datetime.now(datetime.UTC).
    timestamp=datetime.utcnow().isoformat(),

tests/test_api.py: 2 warnings
tests/test_simulator.py: 9 warnings
  C:\Users\rudra\OneDrive\Documents\GitHub\genai-vehicle-diagnostics\backend\simulator\vehicle_simulator.py:97: DeprecationWarning: datetime.datetime.utcnow() is deprecated and scheduled for removal in a future version. Use timezone-aware objects to represent datetimes in UTC: datetime.datetime.now(datetime.UTC).
    start_time = datetime.utcnow().isoformat()

tests/test_api.py: 2 warnings
tests/test_simulator.py: 9 warnings
  C:\Users\rudra\OneDrive\Documents\GitHub\genai-vehicle-diagnostics\backend\simulator\vehicle_simulator.py:321: DeprecationWarning: datetime.datetime.utcnow() is deprecated and scheduled for removal in a future version. Use timezone-aware objects to represent datetimes in UTC: datetime.datetime.now(datetime.UTC).
    timestamp=datetime.utcnow().isoformat(),

tests/test_api.py: 2 warnings
tests/test_simulator.py: 9 warnings
  C:\Users\rudra\OneDrive\Documents\GitHub\genai-vehicle-diagnostics\backend\services\data_store.py:127: DeprecationWarning: datetime.datetime.utcnow() is deprecated and scheduled for removal in a future version. Use timezone-aware objects to represent datetimes in UTC: datetime.datetime.now(datetime.UTC).
    now = datetime.utcnow().timestamp()

tests/test_api.py: 2 warnings
tests/test_simulator.py: 9 warnings
  C:\Users\rudra\OneDrive\Documents\GitHub\genai-vehicle-diagnostics\backend\services\persistence.py:94: DeprecationWarning: datetime.datetime.utcnow() is deprecated and scheduled for removal in a future version. Use timezone-aware objects to represent datetimes in UTC: datetime.datetime.now(datetime.UTC).
    snapshot.get("timestamp", datetime.utcnow().isoformat()),

tests/test_codegen.py::TestCodeGenerator::test_generate_python_template
tests/test_codegen.py::TestCodeGenerator::test_generate_cpp_template
tests/test_codegen.py::TestCodeGenerator::test_generate_kotlin_template
tests/test_codegen.py::TestCodeGenerator::test_generate_rust_template
tests/test_codegen.py::TestCodeGenerator::test_generate_all_languages
tests/test_codegen.py::TestCodeGenerator::test_generate_all_languages
tests/test_codegen.py::TestCodeGenerator::test_generate_all_languages
tests/test_codegen.py::TestCodeGenerator::test_generate_all_languages
  C:\Users\rudra\OneDrive\Documents\GitHub\genai-vehicle-diagnostics\genai_interpreter\code_generator.py:62: DeprecationWarning: datetime.datetime.utcnow() is deprecated and scheduled for removal in a future version. Use timezone-aware objects to represent datetimes in UTC: datetime.datetime.now(datetime.UTC).
    timestamp: str = field(default_factory=lambda: datetime.utcnow().isoformat())

tests/test_codegen.py::TestCodeGenerator::test_generate_all_languages
  C:\Users\rudra\OneDrive\Documents\GitHub\genai-vehicle-diagnostics\genai_interpreter\code_generator.py:73: DeprecationWarning: datetime.datetime.utcnow() is deprecated and scheduled for removal in a future version. Use timezone-aware objects to represent datetimes in UTC: datetime.datetime.now(datetime.UTC).
    timestamp: str = field(default_factory=lambda: datetime.utcnow().isoformat())

tests/test_compliance.py: 13 warnings
  C:\Users\rudra\OneDrive\Documents\GitHub\genai-vehicle-diagnostics\genai_interpreter\compliance_checker.py:38: DeprecationWarning: datetime.datetime.utcnow() is deprecated and scheduled for removal in a future version. Use timezone-aware objects to represent datetimes in UTC: datetime.datetime.now(datetime.UTC).
    timestamp: str = field(default_factory=lambda: datetime.utcnow().isoformat())

tests/test_simulator.py::TestVariantBehavior::test_ice_variant
  C:\Users\rudra\OneDrive\Documents\GitHub\genai-vehicle-diagnostics\backend\services\persistence.py:124: DeprecationWarning: datetime.datetime.utcnow() is deprecated and scheduled for removal in a future version. Use timezone-aware objects to represent datetimes in UTC: datetime.datetime.now(datetime.UTC).
    alert_data.get("timestamp", datetime.utcnow().isoformat()),

-- Docs: https://docs.pytest.org/en/stable/how-to/capture-warnings.html
=========================== short test summary info ===========================
FAILED tests/test_simulator.py::TestTelemetryHistory::test_history_populates
================= 1 failed, 99 passed, 105 warnings in 26.39s =================

